<?xml version="1.0" encoding="utf-8" ?>
<result>
	<row>
		<label>Ecommerce_campaign - Ecommerce_keyword - Ecommerce_content</label>
		<nb_uniq_visitors>1</nb_uniq_visitors>
		<nb_visits>2</nb_visits>
		<nb_actions>2</nb_actions>
		<nb_users>0</nb_users>
		<max_actions>1</max_actions>
		<sum_visit_length>1444</sum_visit_length>
		<bounce_count>2</bounce_count>
		<nb_visits_converted>1</nb_visits_converted>
		<goals>
			<row idgoal='ecommerceAbandonedCart'>
				<nb_conversions>1</nb_conversions>
				<nb_visits_converted>1</nb_visits_converted>
				<revenue>555</revenue>
				<items>5</items>
			</row>
			<row idgoal='ecommerceOrder'>
				<nb_conversions>1</nb_conversions>
				<nb_visits_converted>1</nb_visits_converted>
				<revenue>555</revenue>
				<revenue_subtotal>0</revenue_subtotal>
				<revenue_tax>0</revenue_tax>
				<revenue_shipping>0</revenue_shipping>
				<revenue_discount>0</revenue_discount>
				<items>5</items>
			</row>
		</goals>
		<nb_conversions>1</nb_conversions>
		<revenue>555</revenue>
		<MarketingCampaignsReporting_CampaignName>Ecommerce_campaign</MarketingCampaignsReporting_CampaignName>
		<MarketingCampaignsReporting_CombinedKeywordContent>Ecommerce_keyword - Ecommerce_content</MarketingCampaignsReporting_CombinedKeywordContent>
		<segment>campaignName==Ecommerce_campaign</segment>
	</row>
	<row>
		<label>10th - keyword a - none</label>
		<nb_uniq_visitors>1</nb_uniq_visitors>
		<nb_visits>1</nb_visits>
		<nb_actions>1</nb_actions>
		<nb_users>0</nb_users>
		<max_actions>1</max_actions>
		<sum_visit_length>0</sum_visit_length>
		<bounce_count>1</bounce_count>
		<nb_visits_converted>0</nb_visits_converted>
		<MarketingCampaignsReporting_CampaignName>10th</MarketingCampaignsReporting_CampaignName>
		<MarketingCampaignsReporting_CombinedKeywordContent>keyword a - none</MarketingCampaignsReporting_CombinedKeywordContent>
		<segment>campaignName==10th</segment>
	</row>
	<row>
		<label>11th - keyword b - none</label>
		<nb_uniq_visitors>1</nb_uniq_visitors>
		<nb_visits>1</nb_visits>
		<nb_actions>1</nb_actions>
		<nb_users>0</nb_users>
		<max_actions>1</max_actions>
		<sum_visit_length>0</sum_visit_length>
		<bounce_count>1</bounce_count>
		<nb_visits_converted>0</nb_visits_converted>
		<MarketingCampaignsReporting_CampaignName>11th</MarketingCampaignsReporting_CampaignName>
		<MarketingCampaignsReporting_CombinedKeywordContent>keyword b - none</MarketingCampaignsReporting_CombinedKeywordContent>
		<segment>campaignName==11th</segment>
	</row>
	<row>
		<label>12th - keyword c - none</label>
		<nb_uniq_visitors>1</nb_uniq_visitors>
		<nb_visits>1</nb_visits>
		<nb_actions>1</nb_actions>
		<nb_users>0</nb_users>
		<max_actions>1</max_actions>
		<sum_visit_length>0</sum_visit_length>
		<bounce_count>1</bounce_count>
		<nb_visits_converted>0</nb_visits_converted>
		<MarketingCampaignsReporting_CampaignName>12th</MarketingCampaignsReporting_CampaignName>
		<MarketingCampaignsReporting_CombinedKeywordContent>keyword c - none</MarketingCampaignsReporting_CombinedKeywordContent>
		<segment>campaignName==12th</segment>
	</row>
	<row>
		<label>13th - keyword d - none</label>
		<nb_uniq_visitors>1</nb_uniq_visitors>
		<nb_visits>1</nb_visits>
		<nb_actions>1</nb_actions>
		<nb_users>0</nb_users>
		<max_actions>1</max_actions>
		<sum_visit_length>0</sum_visit_length>
		<bounce_count>1</bounce_count>
		<nb_visits_converted>0</nb_visits_converted>
		<MarketingCampaignsReporting_CampaignName>13th</MarketingCampaignsReporting_CampaignName>
		<MarketingCampaignsReporting_CombinedKeywordContent>keyword d - none</MarketingCampaignsReporting_CombinedKeywordContent>
		<segment>campaignName==13th</segment>
	</row>
	<row>
		<label>14th - keyword e - none</label>
		<nb_uniq_visitors>1</nb_uniq_visitors>
		<nb_visits>1</nb_visits>
		<nb_actions>1</nb_actions>
		<nb_users>0</nb_users>
		<max_actions>1</max_actions>
		<sum_visit_length>0</sum_visit_length>
		<bounce_count>1</bounce_count>
		<nb_visits_converted>0</nb_visits_converted>
		<MarketingCampaignsReporting_CampaignName>14th</MarketingCampaignsReporting_CampaignName>
		<MarketingCampaignsReporting_CombinedKeywordContent>keyword e - none</MarketingCampaignsReporting_CombinedKeywordContent>
		<segment>campaignName==14th</segment>
	</row>
	<row>
		<label>15th - keyword f - none</label>
		<nb_uniq_visitors>1</nb_uniq_visitors>
		<nb_visits>1</nb_visits>
		<nb_actions>1</nb_actions>
		<nb_users>0</nb_users>
		<max_actions>1</max_actions>
		<sum_visit_length>0</sum_visit_length>
		<bounce_count>1</bounce_count>
		<nb_visits_converted>0</nb_visits_converted>
		<MarketingCampaignsReporting_CampaignName>15th</MarketingCampaignsReporting_CampaignName>
		<MarketingCampaignsReporting_CombinedKeywordContent>keyword f - none</MarketingCampaignsReporting_CombinedKeywordContent>
		<segment>campaignName==15th</segment>
	</row>
	<row>
		<label>16th - keyword g - none</label>
		<nb_uniq_visitors>1</nb_uniq_visitors>
		<nb_visits>1</nb_visits>
		<nb_actions>1</nb_actions>
		<nb_users>0</nb_users>
		<max_actions>1</max_actions>
		<sum_visit_length>0</sum_visit_length>
		<bounce_count>1</bounce_count>
		<nb_visits_converted>0</nb_visits_converted>
		<MarketingCampaignsReporting_CampaignName>16th</MarketingCampaignsReporting_CampaignName>
		<MarketingCampaignsReporting_CombinedKeywordContent>keyword g - none</MarketingCampaignsReporting_CombinedKeywordContent>
		<segment>campaignName==16th</segment>
	</row>
	<row>
		<label>17th - keyword h - none</label>
		<nb_uniq_visitors>1</nb_uniq_visitors>
		<nb_visits>1</nb_visits>
		<nb_actions>1</nb_actions>
		<nb_users>0</nb_users>
		<max_actions>1</max_actions>
		<sum_visit_length>0</sum_visit_length>
		<bounce_count>1</bounce_count>
		<nb_visits_converted>0</nb_visits_converted>
		<MarketingCampaignsReporting_CampaignName>17th</MarketingCampaignsReporting_CampaignName>
		<MarketingCampaignsReporting_CombinedKeywordContent>keyword h - none</MarketingCampaignsReporting_CombinedKeywordContent>
		<segment>campaignName==17th</segment>
	</row>
	<row>
		<label>CampaignNameDimension - No Other Dimension for this visit</label>
		<nb_uniq_visitors>1</nb_uniq_visitors>
		<nb_visits>1</nb_visits>
		<nb_actions>1</nb_actions>
		<nb_users>0</nb_users>
		<max_actions>1</max_actions>
		<sum_visit_length>0</sum_visit_length>
		<bounce_count>1</bounce_count>
		<nb_visits_converted>0</nb_visits_converted>
		<MarketingCampaignsReporting_CampaignName>CampaignNameDimension - No Other Dimension for this visit</MarketingCampaignsReporting_CampaignName>
		<segment>campaignName==CampaignNameDimension+-+No+Other+Dimension+for+this+visit</segment>
	</row>
	<row>
		<label>Campaign_Hashed - Keyword from #hash tag parameter</label>
		<nb_uniq_visitors>1</nb_uniq_visitors>
		<nb_visits>1</nb_visits>
		<nb_actions>1</nb_actions>
		<nb_users>0</nb_users>
		<max_actions>1</max_actions>
		<sum_visit_length>0</sum_visit_length>
		<bounce_count>1</bounce_count>
		<nb_visits_converted>0</nb_visits_converted>
		<MarketingCampaignsReporting_CampaignName>Campaign_Hashed</MarketingCampaignsReporting_CampaignName>
		<MarketingCampaignsReporting_CombinedKeywordContent>Keyword from #hash tag parameter</MarketingCampaignsReporting_CombinedKeywordContent>
		<segment>campaignName==Campaign_Hashed</segment>
	</row>
	<row>
		<label>Campaign_with_two_goals_conversions</label>
		<nb_uniq_visitors>1</nb_uniq_visitors>
		<nb_visits>1</nb_visits>
		<nb_actions>1</nb_actions>
		<nb_users>0</nb_users>
		<max_actions>1</max_actions>
		<sum_visit_length>725</sum_visit_length>
		<bounce_count>1</bounce_count>
		<nb_visits_converted>1</nb_visits_converted>
		<goals>
			<row idgoal='1'>
				<nb_conversions>2</nb_conversions>
				<nb_visits_converted>1</nb_visits_converted>
				<revenue>1111</revenue>
			</row>
			<row idgoal='2'>
				<nb_conversions>1</nb_conversions>
				<nb_visits_converted>1</nb_visits_converted>
				<revenue>3333</revenue>
			</row>
		</goals>
		<nb_conversions>3</nb_conversions>
		<revenue>4444</revenue>
		<MarketingCampaignsReporting_CampaignName>Campaign_with_two_goals_conversions</MarketingCampaignsReporting_CampaignName>
		<segment>campaignName==Campaign_with_two_goals_conversions</segment>
	</row>
	<row>
		<label>Default_Offer - Not_An_Advanced_Campaign_At_first</label>
		<nb_uniq_visitors>1</nb_uniq_visitors>
		<nb_visits>1</nb_visits>
		<nb_actions>1</nb_actions>
		<nb_users>0</nb_users>
		<max_actions>1</max_actions>
		<sum_visit_length>0</sum_visit_length>
		<bounce_count>1</bounce_count>
		<nb_visits_converted>0</nb_visits_converted>
		<MarketingCampaignsReporting_CampaignName>Default_Offer</MarketingCampaignsReporting_CampaignName>
		<MarketingCampaignsReporting_CombinedKeywordContent>Not_An_Advanced_Campaign_At_first</MarketingCampaignsReporting_CombinedKeywordContent>
		<segment>campaignName==Default_Offer</segment>
	</row>
	<row>
		<label>Lenghty &quot;NAME&quot;...Lenghty &quot;NAME&quot;...Lenghty &quot;NAME&quot;...Lenghty &quot;NAME&quot;...Lenghty &quot;NAME&quot;...Lenghty &quot;NAME&quot;...Lenghty &quot;NAME&quot;...Lenghty &quot;NAME&quot;...Lenghty &quot;NAME&quot;...Lenghty &quot;NAME&quot;...Lenghty &quot;NAME&quot;...Lenghty &quot;NAME&quot;...Lenghty &quot;NAME&quot;...Lenghty &quot;NAME&quot;...Lenghty &quot;NAM - Lenghty &quot;KEYWORD&quot;...Lenghty &quot;KEYWORD&quot;...Lenghty &quot;KEYWORD&quot;...Lenghty &quot;KEYWORD&quot;...Lenghty &quot;KEYWORD&quot;...Lenghty &quot;KEYWORD&quot;...Lenghty &quot;KEYWORD&quot;...Lenghty &quot;KEYWORD&quot;...Lenghty &quot;KEYWORD&quot;...Lenghty &quot;KEYWORD&quot;...Lenghty &quot;KEYWORD&quot;...Lenghty &quot;KEYWORD&quot;...Lenghty &quot;K</label>
		<nb_uniq_visitors>1</nb_uniq_visitors>
		<nb_visits>1</nb_visits>
		<nb_actions>1</nb_actions>
		<nb_users>0</nb_users>
		<max_actions>1</max_actions>
		<sum_visit_length>0</sum_visit_length>
		<bounce_count>1</bounce_count>
		<nb_visits_converted>0</nb_visits_converted>
		<MarketingCampaignsReporting_CampaignName>Lenghty &quot;NAME&quot;...Lenghty &quot;NAME&quot;...Lenghty &quot;NAME&quot;...Lenghty &quot;NAME&quot;...Lenghty &quot;NAME&quot;...Lenghty &quot;NAME&quot;...Lenghty &quot;NAME&quot;...Lenghty &quot;NAME&quot;...Lenghty &quot;NAME&quot;...Lenghty &quot;NAME&quot;...Lenghty &quot;NAME&quot;...Lenghty &quot;NAME&quot;...Lenghty &quot;NAME&quot;...Lenghty &quot;NAME&quot;...Lenghty &quot;NAM</MarketingCampaignsReporting_CampaignName>
		<MarketingCampaignsReporting_CombinedKeywordContent>Lenghty &quot;KEYWORD&quot;...Lenghty &quot;KEYWORD&quot;...Lenghty &quot;KEYWORD&quot;...Lenghty &quot;KEYWORD&quot;...Lenghty &quot;KEYWORD&quot;...Lenghty &quot;KEYWORD&quot;...Lenghty &quot;KEYWORD&quot;...Lenghty &quot;KEYWORD&quot;...Lenghty &quot;KEYWORD&quot;...Lenghty &quot;KEYWORD&quot;...Lenghty &quot;KEYWORD&quot;...Lenghty &quot;KEYWORD&quot;...Lenghty &quot;K</MarketingCampaignsReporting_CombinedKeywordContent>
		<segment>campaignName==Lenghty+%22NAME%22...Lenghty+%22NAME%22...Lenghty+%22NAME%22...Lenghty+%22NAME%22...Lenghty+%22NAME%22...Lenghty+%22NAME%22...Lenghty+%22NAME%22...Lenghty+%22NAME%22...Lenghty+%22NAME%22...Lenghty+%22NAME%22...Lenghty+%22NAME%22...Lenghty+%22NAME%22...Lenghty+%22NAME%22...Lenghty+%22NAME%22...Lenghty+%22NAM</segment>
	</row>
	<row>
		<label>November_Offer - Mot_clé_PÉPÈRE - contains personalized campaigns for client</label>
		<nb_uniq_visitors>1</nb_uniq_visitors>
		<nb_visits>1</nb_visits>
		<nb_actions>1</nb_actions>
		<nb_users>0</nb_users>
		<max_actions>1</max_actions>
		<sum_visit_length>0</sum_visit_length>
		<bounce_count>1</bounce_count>
		<nb_visits_converted>0</nb_visits_converted>
		<MarketingCampaignsReporting_CampaignName>November_Offer</MarketingCampaignsReporting_CampaignName>
		<MarketingCampaignsReporting_CombinedKeywordContent>Mot_clé_PÉPÈRE - contains personalized campaigns for client</MarketingCampaignsReporting_CombinedKeywordContent>
		<segment>campaignName==November_Offer</segment>
	</row>
	<row>
		<label>October_Offer - Mot_clé_PÉPÈRE - none</label>
		<nb_uniq_visitors>1</nb_uniq_visitors>
		<nb_visits>1</nb_visits>
		<nb_actions>1</nb_actions>
		<nb_users>0</nb_users>
		<max_actions>1</max_actions>
		<sum_visit_length>0</sum_visit_length>
		<bounce_count>1</bounce_count>
		<nb_visits_converted>0</nb_visits_converted>
		<MarketingCampaignsReporting_CampaignName>October_Offer</MarketingCampaignsReporting_CampaignName>
		<MarketingCampaignsReporting_CombinedKeywordContent>Mot_clé_PÉPÈRE - none</MarketingCampaignsReporting_CombinedKeywordContent>
		<segment>campaignName==October_Offer</segment>
	</row>
	<row>
		<label>SHOULD_BE_NEW_VISIT</label>
		<nb_uniq_visitors>1</nb_uniq_visitors>
		<nb_visits>1</nb_visits>
		<nb_actions>1</nb_actions>
		<nb_users>0</nb_users>
		<max_actions>1</max_actions>
		<sum_visit_length>0</sum_visit_length>
		<bounce_count>1</bounce_count>
		<nb_visits_converted>0</nb_visits_converted>
		<MarketingCampaignsReporting_CampaignName>SHOULD_BE_NEW_VISIT</MarketingCampaignsReporting_CampaignName>
		<segment>campaignName==SHOULD_BE_NEW_VISIT</segment>
	</row>
</result>