<?xml version="1.0" encoding="utf-8" ?>
<result>
	<row>
		<label>CAMPAIGN_ID_KABOOM</label>
		<nb_uniq_visitors>2</nb_uniq_visitors>
		<nb_visits>2</nb_visits>
		<nb_actions>2</nb_actions>
		<nb_users>0</nb_users>
		<max_actions>1</max_actions>
		<sum_visit_length>0</sum_visit_length>
		<bounce_count>2</bounce_count>
		<nb_visits_converted>0</nb_visits_converted>
		<MarketingCampaignsReporting_CampaignId>CAMPAIGN_ID_KABOOM</MarketingCampaignsReporting_CampaignId>
		<segment>campaignId==CAMPAIGN_ID_KABOOM</segment>
	</row>
	<row>
		<label>Ecommmerce_CampaignId</label>
		<nb_uniq_visitors>1</nb_uniq_visitors>
		<nb_visits>2</nb_visits>
		<nb_actions>2</nb_actions>
		<nb_users>0</nb_users>
		<max_actions>1</max_actions>
		<sum_visit_length>1444</sum_visit_length>
		<bounce_count>2</bounce_count>
		<nb_visits_converted>1</nb_visits_converted>
		<goals>
			<row idgoal='ecommerceAbandonedCart'>
				<nb_conversions>1</nb_conversions>
				<nb_visits_converted>1</nb_visits_converted>
				<revenue>555</revenue>
				<items>5</items>
			</row>
			<row idgoal='ecommerceOrder'>
				<nb_conversions>1</nb_conversions>
				<nb_visits_converted>1</nb_visits_converted>
				<revenue>555</revenue>
				<revenue_subtotal>0</revenue_subtotal>
				<revenue_tax>0</revenue_tax>
				<revenue_shipping>0</revenue_shipping>
				<revenue_discount>0</revenue_discount>
				<items>5</items>
			</row>
		</goals>
		<nb_conversions>1</nb_conversions>
		<revenue>555</revenue>
		<MarketingCampaignsReporting_CampaignId>Ecommmerce_CampaignId</MarketingCampaignsReporting_CampaignId>
		<segment>campaignId==Ecommmerce_CampaignId</segment>
	</row>
	<row>
		<label>cid1</label>
		<nb_uniq_visitors>1</nb_uniq_visitors>
		<nb_visits>1</nb_visits>
		<nb_actions>1</nb_actions>
		<nb_users>0</nb_users>
		<max_actions>1</max_actions>
		<sum_visit_length>0</sum_visit_length>
		<bounce_count>1</bounce_count>
		<nb_visits_converted>0</nb_visits_converted>
		<MarketingCampaignsReporting_CampaignId>cid1</MarketingCampaignsReporting_CampaignId>
		<segment>campaignId==cid1</segment>
	</row>
	<row>
		<label>cid2</label>
		<nb_uniq_visitors>1</nb_uniq_visitors>
		<nb_visits>1</nb_visits>
		<nb_actions>1</nb_actions>
		<nb_users>0</nb_users>
		<max_actions>1</max_actions>
		<sum_visit_length>0</sum_visit_length>
		<bounce_count>1</bounce_count>
		<nb_visits_converted>0</nb_visits_converted>
		<MarketingCampaignsReporting_CampaignId>cid2</MarketingCampaignsReporting_CampaignId>
		<segment>campaignId==cid2</segment>
	</row>
	<row>
		<label>cid3</label>
		<nb_uniq_visitors>1</nb_uniq_visitors>
		<nb_visits>1</nb_visits>
		<nb_actions>1</nb_actions>
		<nb_users>0</nb_users>
		<max_actions>1</max_actions>
		<sum_visit_length>0</sum_visit_length>
		<bounce_count>1</bounce_count>
		<nb_visits_converted>0</nb_visits_converted>
		<MarketingCampaignsReporting_CampaignId>cid3</MarketingCampaignsReporting_CampaignId>
		<segment>campaignId==cid3</segment>
	</row>
	<row>
		<label>cid4</label>
		<nb_uniq_visitors>1</nb_uniq_visitors>
		<nb_visits>1</nb_visits>
		<nb_actions>1</nb_actions>
		<nb_users>0</nb_users>
		<max_actions>1</max_actions>
		<sum_visit_length>0</sum_visit_length>
		<bounce_count>1</bounce_count>
		<nb_visits_converted>0</nb_visits_converted>
		<MarketingCampaignsReporting_CampaignId>cid4</MarketingCampaignsReporting_CampaignId>
		<segment>campaignId==cid4</segment>
	</row>
	<row>
		<label>cid5</label>
		<nb_uniq_visitors>1</nb_uniq_visitors>
		<nb_visits>1</nb_visits>
		<nb_actions>1</nb_actions>
		<nb_users>0</nb_users>
		<max_actions>1</max_actions>
		<sum_visit_length>0</sum_visit_length>
		<bounce_count>1</bounce_count>
		<nb_visits_converted>0</nb_visits_converted>
		<MarketingCampaignsReporting_CampaignId>cid5</MarketingCampaignsReporting_CampaignId>
		<segment>campaignId==cid5</segment>
	</row>
	<row>
		<label>cid6</label>
		<nb_uniq_visitors>1</nb_uniq_visitors>
		<nb_visits>1</nb_visits>
		<nb_actions>1</nb_actions>
		<nb_users>0</nb_users>
		<max_actions>1</max_actions>
		<sum_visit_length>0</sum_visit_length>
		<bounce_count>1</bounce_count>
		<nb_visits_converted>0</nb_visits_converted>
		<MarketingCampaignsReporting_CampaignId>cid6</MarketingCampaignsReporting_CampaignId>
		<segment>campaignId==cid6</segment>
	</row>
	<row>
		<label>cid7</label>
		<nb_uniq_visitors>1</nb_uniq_visitors>
		<nb_visits>1</nb_visits>
		<nb_actions>1</nb_actions>
		<nb_users>0</nb_users>
		<max_actions>1</max_actions>
		<sum_visit_length>0</sum_visit_length>
		<bounce_count>1</bounce_count>
		<nb_visits_converted>0</nb_visits_converted>
		<MarketingCampaignsReporting_CampaignId>cid7</MarketingCampaignsReporting_CampaignId>
		<segment>campaignId==cid7</segment>
	</row>
	<row>
		<label>cid8</label>
		<nb_uniq_visitors>1</nb_uniq_visitors>
		<nb_visits>1</nb_visits>
		<nb_actions>1</nb_actions>
		<nb_users>0</nb_users>
		<max_actions>1</max_actions>
		<sum_visit_length>0</sum_visit_length>
		<bounce_count>1</bounce_count>
		<nb_visits_converted>0</nb_visits_converted>
		<MarketingCampaignsReporting_CampaignId>cid8</MarketingCampaignsReporting_CampaignId>
		<segment>campaignId==cid8</segment>
	</row>
</result>