<?xml version="1.0" encoding="utf-8" ?>
<result>
	<row>
		<label>Mot_clé_PÉPÈRE</label>
		<nb_visits>1</nb_visits>
		<nb_actions>1</nb_actions>
		<max_actions>1</max_actions>
		<sum_visit_length>0</sum_visit_length>
		<bounce_count>1</bounce_count>
		<nb_visits_converted>0</nb_visits_converted>
		<sum_daily_nb_uniq_visitors>1</sum_daily_nb_uniq_visitors>
		<sum_daily_nb_users>0</sum_daily_nb_users>
		<segment>referrerName==October_Offer;referrerType==campaign;referrerKeyword==Mot_cl%C3%A9_P%C3%89P%C3%88RE</segment>
	</row>
</result>